// Jest Snapshot v1, https://goo.gl/fbAQLP

exports[`converts segments to chapters with gaps 1`] = `
Array [
  Object {
    "end": 104.612,
    "start": 0,
  },
  Object {
    "end": 189.053,
    "name": "label 1",
    "start": 104.612,
  },
  Object {
    "end": 300.448,
    "start": 189.053,
  },
  Object {
    "end": 476.194,
    "name": "label 2",
    "start": 300.448,
  },
  Object {
    "end": 567.075,
    "start": 476.194,
  },
  Object {
    "end": 704.264,
    "name": "label 3",
    "start": 567.075,
  },
  Object {
    "end": 855.455,
    "name": "label 4",
    "start": 704.264,
  },
]
`;

exports[`converts segments to chapters with no gaps 1`] = `
Array [
  Object {
    "end": 2,
    "name": "label 1",
    "start": 0,
  },
  Object {
    "end": 3,
    "name": "label 2",
    "start": 2,
  },
]
`;

exports[`converts segments to chapters with single long segment 1`] = `
Array [
  Object {
    "end": 1,
    "name": "label 1",
    "start": 0,
  },
]
`;
